=== lock-probe started 2026-09-21T22:29:06.763744400+02:00 ===
log file: R:\gh\VincentVerweij\tracey\prototypes\lock-probe\target\x86_64-pc-windows-msvc\release\lock-probe.log
Lock the machine, wait on the lock screen a few minutes, unlock, then Ctrl-C.
22:29:06  fg=WindowsTerminal.exe pid=22864 hwnd=0x40578 title="Windows PowerShell"  blt=OK frame=nonblack mean=15 max=255 zero=0% dibits_lines=1600 mon=2560x1600  idle=0s
22:29:07  fg=WindowsTerminal.exe pid=22864 hwnd=0x40578 title="Windows PowerShell"  blt=OK frame=nonblack mean=16 max=255 zero=0% dibits_lines=1600 mon=2560x1600  idle=1s
22:29:08  fg=WindowsTerminal.exe pid=22864 hwnd=0x40578 title="Windows PowerShell"  blt=OK frame=nonblack mean=16 max=255 zero=0% dibits_lines=1600 mon=2560x1600  idle=2s
22:29:09  fg=WindowsTerminal.exe pid=22864 hwnd=0x40578 title="Windows PowerShell"  blt=OK frame=nonblack mean=17 max=255 zero=0% dibits_lines=1600 mon=2560x1600  idle=3s
22:29:10  fg=WindowsTerminal.exe pid=22864 hwnd=0x40578 title="Windows PowerShell"  blt=OK frame=nonblack mean=17 max=255 zero=0% dibits_lines=1600 mon=2560x1600  idle=4s
22:29:11  fg=WindowsTerminal.exe pid=22864 hwnd=0x40578 title="Windows PowerShell"  blt=OK frame=nonblack mean=18 max=255 zero=0% dibits_lines=1600 mon=2560x1600  idle=5s
22:29:13  fg=WindowsTerminal.exe pid=22864 hwnd=0x40578 title="Windows PowerShell"  blt=OK frame=nonblack mean=18 max=255 zero=0% dibits_lines=1600 mon=2560x1600  idle=6s
22:29:14  fg=WindowsTerminal.exe pid=22864 hwnd=0x40578 title="Windows PowerShell"  blt=OK frame=nonblack mean=18 max=255 zero=0% dibits_lines=1600 mon=2560x1600  idle=7s
22:29:15  fg=WindowsTerminal.exe pid=22864 hwnd=0x40578 title="Windows PowerShell"  blt=OK frame=nonblack mean=19 max=255 zero=0% dibits_lines=1600 mon=2560x1600  idle=8s
22:29:16  fg=WindowsTerminal.exe pid=22864 hwnd=0x40578 title="Windows PowerShell"  blt=OK frame=nonblack mean=19 max=255 zero=0% dibits_lines=1600 mon=2560x1600  idle=9s
22:29:17  fg=WindowsTerminal.exe pid=22864 hwnd=0x40578 title="Windows PowerShell"  blt=OK frame=nonblack mean=20 max=255 zero=0% dibits_lines=1600 mon=2560x1600  idle=10s
22:29:18  fg=WindowsTerminal.exe pid=22864 hwnd=0x40578 title="Windows PowerShell"  blt=OK frame=nonblack mean=20 max=255 zero=0% dibits_lines=1600 mon=2560x1600  idle=0s
22:29:19  fg=NULL  blt=FAIL ERROR_INVALID_HANDLE 0x80070006 mon=2560x1600  idle=0s
22:29:20  fg=LockApp.exe pid=3768 hwnd=0x10a66 title="Windows Default Lock Screen"  blt=OK frame=nonblack mean=110 max=255 zero=0% dibits_lines=1600 mon=2560x1600  idle=1s
22:29:22  fg=LockApp.exe pid=3768 hwnd=0x10a66 title="Windows Default Lock Screen"  blt=OK frame=nonblack mean=110 max=255 zero=0% dibits_lines=1600 mon=2560x1600  idle=2s
22:29:23  fg=LockApp.exe pid=3768 hwnd=0x10a66 title="Windows Default Lock Screen"  blt=OK frame=nonblack mean=110 max=255 zero=0% dibits_lines=1600 mon=2560x1600  idle=3s
22:29:24  fg=LockApp.exe pid=3768 hwnd=0x10a66 title="Windows Default Lock Screen"  blt=OK frame=nonblack mean=110 max=255 zero=0% dibits_lines=1600 mon=2560x1600  idle=4s
22:29:25  fg=LockApp.exe pid=3768 hwnd=0x10a66 title="Windows Default Lock Screen"  blt=OK frame=nonblack mean=110 max=255 zero=0% dibits_lines=1600 mon=2560x1600  idle=5s
22:29:26  fg=LockApp.exe pid=3768 hwnd=0x10a66 title="Windows Default Lock Screen"  blt=OK frame=nonblack mean=110 max=255 zero=0% dibits_lines=1600 mon=2560x1600  idle=6s
22:29:27  fg=LockApp.exe pid=3768 hwnd=0x10a66 title="Windows Default Lock Screen"  blt=OK frame=nonblack mean=110 max=255 zero=0% dibits_lines=1600 mon=2560x1600  idle=7s
22:29:28  fg=LockApp.exe pid=3768 hwnd=0x10a66 title="Windows Default Lock Screen"  blt=OK frame=nonblack mean=110 max=255 zero=0% dibits_lines=1600 mon=2560x1600  idle=8s
22:29:29  fg=LockApp.exe pid=3768 hwnd=0x10a66 title="Windows Default Lock Screen"  blt=OK frame=nonblack mean=110 max=255 zero=0% dibits_lines=1600 mon=2560x1600  idle=9s
22:29:30  fg=LockApp.exe pid=3768 hwnd=0x10a66 title="Windows Default Lock Screen"  blt=OK frame=nonblack mean=110 max=255 zero=0% dibits_lines=1600 mon=2560x1600  idle=10s
22:29:31  fg=LockApp.exe pid=3768 hwnd=0x10a66 title="Windows Default Lock Screen"  blt=OK frame=nonblack mean=110 max=255 zero=0% dibits_lines=1600 mon=2560x1600  idle=11s
22:29:32  fg=LockApp.exe pid=3768 hwnd=0x10a66 title="Windows Default Lock Screen"  blt=OK frame=nonblack mean=110 max=255 zero=0% dibits_lines=1600 mon=2560x1600  idle=12s
22:29:33  fg=LockApp.exe pid=3768 hwnd=0x10a66 title="Windows Default Lock Screen"  blt=OK frame=nonblack mean=110 max=255 zero=0% dibits_lines=1600 mon=2560x1600  idle=13s
22:29:34  fg=LockApp.exe pid=3768 hwnd=0x10a66 title="Windows Default Lock Screen"  blt=OK frame=nonblack mean=110 max=255 zero=0% dibits_lines=1600 mon=2560x1600  idle=14s
22:29:35  fg=LockApp.exe pid=3768 hwnd=0x10a66 title="Windows Default Lock Screen"  blt=OK frame=nonblack mean=110 max=255 zero=0% dibits_lines=1600 mon=2560x1600  idle=15s
22:29:36  fg=LockApp.exe pid=3768 hwnd=0x10a66 title="Windows Default Lock Screen"  blt=OK frame=nonblack mean=110 max=255 zero=0% dibits_lines=1600 mon=2560x1600  idle=16s
22:29:37  fg=LockApp.exe pid=3768 hwnd=0x10a66 title="Windows Default Lock Screen"  blt=OK frame=nonblack mean=110 max=255 zero=0% dibits_lines=1600 mon=2560x1600  idle=17s
22:29:38  fg=LockApp.exe pid=3768 hwnd=0x10a66 title="Windows Default Lock Screen"  blt=OK frame=nonblack mean=110 max=255 zero=0% dibits_lines=1600 mon=2560x1600  idle=18s
22:29:39  fg=LockApp.exe pid=3768 hwnd=0x10a66 title="Windows Default Lock Screen"  blt=OK frame=nonblack mean=110 max=255 zero=0% dibits_lines=1600 mon=2560x1600  idle=19s
22:29:40  fg=LockApp.exe pid=3768 hwnd=0x10a66 title="Windows Default Lock Screen"  blt=OK frame=nonblack mean=110 max=255 zero=0% dibits_lines=1600 mon=2560x1600  idle=20s
22:29:42  fg=LockApp.exe pid=3768 hwnd=0x10a66 title="Windows Default Lock Screen"  blt=OK frame=nonblack mean=110 max=255 zero=0% dibits_lines=1600 mon=2560x1600  idle=22s
22:29:43  fg=LockApp.exe pid=3768 hwnd=0x10a66 title="Windows Default Lock Screen"  blt=OK frame=nonblack mean=110 max=255 zero=0% dibits_lines=1600 mon=2560x1600  idle=23s
22:29:44  fg=LockApp.exe pid=3768 hwnd=0x10a66 title="Windows Default Lock Screen"  blt=OK frame=nonblack mean=110 max=255 zero=0% dibits_lines=1600 mon=2560x1600  idle=24s
22:29:45  fg=LockApp.exe pid=3768 hwnd=0x10a66 title="Windows Default Lock Screen"  blt=OK frame=nonblack mean=110 max=255 zero=0% dibits_lines=1600 mon=2560x1600  idle=25s
22:29:46  fg=LockApp.exe pid=3768 hwnd=0x10a66 title="Windows Default Lock Screen"  blt=OK frame=nonblack mean=110 max=255 zero=0% dibits_lines=1600 mon=2560x1600  idle=26s
22:29:47  fg=LockApp.exe pid=3768 hwnd=0x10a66 title="Windows Default Lock Screen"  blt=OK frame=nonblack mean=110 max=255 zero=0% dibits_lines=1600 mon=2560x1600  idle=27s
22:29:48  fg=LockApp.exe pid=3768 hwnd=0x10a66 title="Windows Default Lock Screen"  blt=OK frame=nonblack mean=110 max=255 zero=0% dibits_lines=1600 mon=2560x1600  idle=28s
22:29:49  fg=LockApp.exe pid=3768 hwnd=0x10a66 title="Windows Default Lock Screen"  blt=OK frame=nonblack mean=110 max=255 zero=0% dibits_lines=1600 mon=2560x1600  idle=29s
22:29:50  fg=LockApp.exe pid=3768 hwnd=0x10a66 title="Windows Default Lock Screen"  blt=OK frame=nonblack mean=110 max=255 zero=0% dibits_lines=1600 mon=2560x1600  idle=30s
22:29:51  fg=LockApp.exe pid=3768 hwnd=0x10a66 title="Windows Default Lock Screen"  blt=OK frame=nonblack mean=110 max=255 zero=0% dibits_lines=1600 mon=2560x1600  idle=31s
22:29:52  fg=LockApp.exe pid=3768 hwnd=0x10a66 title="Windows Default Lock Screen"  blt=OK frame=nonblack mean=110 max=255 zero=0% dibits_lines=1600 mon=2560x1600  idle=32s
22:29:53  fg=LockApp.exe pid=3768 hwnd=0x10a66 title="Windows Default Lock Screen"  blt=OK frame=nonblack mean=110 max=255 zero=0% dibits_lines=1600 mon=2560x1600  idle=33s
22:29:54  fg=LockApp.exe pid=3768 hwnd=0x10a66 title="Windows Default Lock Screen"  blt=OK frame=nonblack mean=110 max=255 zero=0% dibits_lines=1600 mon=2560x1600  idle=34s
22:29:55  fg=LockApp.exe pid=3768 hwnd=0x10a66 title="Windows Default Lock Screen"  blt=OK frame=nonblack mean=110 max=255 zero=0% dibits_lines=1600 mon=2560x1600  idle=35s
22:29:56  fg=LockApp.exe pid=3768 hwnd=0x10a66 title="Windows Default Lock Screen"  blt=OK frame=nonblack mean=110 max=255 zero=0% dibits_lines=1600 mon=2560x1600  idle=36s
22:29:57  fg=LockApp.exe pid=3768 hwnd=0x10a66 title="Windows Default Lock Screen"  blt=OK frame=nonblack mean=110 max=255 zero=0% dibits_lines=1600 mon=2560x1600  idle=37s
22:29:58  fg=LockApp.exe pid=3768 hwnd=0x10a66 title="Windows Default Lock Screen"  blt=OK frame=nonblack mean=110 max=255 zero=0% dibits_lines=1600 mon=2560x1600  idle=38s
22:29:59  fg=LockApp.exe pid=3768 hwnd=0x10a66 title="Windows Default Lock Screen"  blt=OK frame=nonblack mean=110 max=255 zero=0% dibits_lines=1600 mon=2560x1600  idle=39s
22:30:00  fg=LockApp.exe pid=3768 hwnd=0x10a66 title="Windows Default Lock Screen"  blt=OK frame=nonblack mean=110 max=255 zero=0% dibits_lines=1600 mon=2560x1600  idle=40s
22:30:01  fg=LockApp.exe pid=3768 hwnd=0x10a66 title="Windows Default Lock Screen"  blt=OK frame=nonblack mean=110 max=255 zero=0% dibits_lines=1600 mon=2560x1600  idle=41s
22:30:02  fg=LockApp.exe pid=3768 hwnd=0x10a66 title="Windows Default Lock Screen"  blt=OK frame=nonblack mean=110 max=255 zero=0% dibits_lines=1600 mon=2560x1600  idle=42s
22:30:04  fg=LockApp.exe pid=3768 hwnd=0x10a66 title="Windows Default Lock Screen"  blt=OK frame=nonblack mean=110 max=255 zero=0% dibits_lines=1600 mon=2560x1600  idle=44s
22:30:05  fg=LockApp.exe pid=3768 hwnd=0x10a66 title="Windows Default Lock Screen"  blt=OK frame=nonblack mean=110 max=255 zero=0% dibits_lines=1600 mon=2560x1600  idle=45s
22:30:06  fg=LockApp.exe pid=3768 hwnd=0x10a66 title="Windows Default Lock Screen"  blt=OK frame=nonblack mean=110 max=255 zero=0% dibits_lines=1600 mon=2560x1600  idle=46s
22:30:07  fg=LockApp.exe pid=3768 hwnd=0x10a66 title="Windows Default Lock Screen"  blt=OK frame=nonblack mean=110 max=255 zero=0% dibits_lines=1600 mon=2560x1600  idle=47s
22:30:08  fg=LockApp.exe pid=3768 hwnd=0x10a66 title="Windows Default Lock Screen"  blt=OK frame=nonblack mean=110 max=255 zero=0% dibits_lines=1600 mon=2560x1600  idle=48s
22:30:09  fg=LockApp.exe pid=3768 hwnd=0x10a66 title="Windows Default Lock Screen"  blt=OK frame=nonblack mean=110 max=255 zero=0% dibits_lines=1600 mon=2560x1600  idle=49s
22:30:10  fg=LockApp.exe pid=3768 hwnd=0x10a66 title="Windows Default Lock Screen"  blt=OK frame=nonblack mean=110 max=255 zero=0% dibits_lines=1600 mon=2560x1600  idle=50s
22:30:11  fg=LockApp.exe pid=3768 hwnd=0x10a66 title="Windows Default Lock Screen"  blt=OK frame=nonblack mean=110 max=255 zero=0% dibits_lines=1600 mon=2560x1600  idle=51s
22:30:12  fg=LockApp.exe pid=3768 hwnd=0x10a66 title="Windows Default Lock Screen"  blt=OK frame=nonblack mean=110 max=255 zero=0% dibits_lines=1600 mon=2560x1600  idle=52s
22:30:13  fg=LockApp.exe pid=3768 hwnd=0x10a66 title="Windows Default Lock Screen"  blt=OK frame=nonblack mean=110 max=255 zero=0% dibits_lines=1600 mon=2560x1600  idle=53s
22:30:14  fg=LockApp.exe pid=3768 hwnd=0x10a66 title="Windows Default Lock Screen"  blt=OK frame=nonblack mean=110 max=255 zero=0% dibits_lines=1600 mon=2560x1600  idle=54s
22:30:15  fg=LockApp.exe pid=3768 hwnd=0x10a66 title="Windows Default Lock Screen"  blt=OK frame=nonblack mean=110 max=255 zero=0% dibits_lines=1600 mon=2560x1600  idle=55s
22:30:16  fg=LockApp.exe pid=3768 hwnd=0x10a66 title="Windows Default Lock Screen"  blt=OK frame=nonblack mean=110 max=255 zero=0% dibits_lines=1600 mon=2560x1600  idle=56s
22:30:17  fg=LockApp.exe pid=3768 hwnd=0x10a66 title="Windows Default Lock Screen"  blt=OK frame=nonblack mean=110 max=255 zero=0% dibits_lines=1600 mon=2560x1600  idle=57s
22:30:18  fg=LockApp.exe pid=3768 hwnd=0x10a66 title="Windows Default Lock Screen"  blt=OK frame=nonblack mean=110 max=255 zero=0% dibits_lines=1600 mon=2560x1600  idle=58s
22:30:19  fg=LockApp.exe pid=3768 hwnd=0x10a66 title="Windows Default Lock Screen"  blt=OK frame=nonblack mean=110 max=255 zero=0% dibits_lines=1600 mon=2560x1600  idle=59s
22:30:20  fg=LockApp.exe pid=3768 hwnd=0x10a66 title="Windows Default Lock Screen"  blt=OK frame=nonblack mean=110 max=255 zero=0% dibits_lines=1600 mon=2560x1600  idle=60s
22:30:21  fg=LockApp.exe pid=3768 hwnd=0x10a66 title="Windows Default Lock Screen"  blt=OK frame=nonblack mean=110 max=255 zero=0% dibits_lines=1600 mon=2560x1600  idle=61s
22:30:22  fg=LockApp.exe pid=3768 hwnd=0x10a66 title="Windows Default Lock Screen"  blt=OK frame=nonblack mean=110 max=255 zero=0% dibits_lines=1600 mon=2560x1600  idle=62s
22:30:23  fg=LockApp.exe pid=3768 hwnd=0x10a66 title="Windows Default Lock Screen"  blt=OK frame=nonblack mean=110 max=255 zero=0% dibits_lines=1600 mon=2560x1600  idle=63s
22:30:24  fg=LockApp.exe pid=3768 hwnd=0x10a66 title="Windows Default Lock Screen"  blt=OK frame=nonblack mean=110 max=255 zero=0% dibits_lines=1600 mon=2560x1600  idle=64s
22:30:26  fg=LockApp.exe pid=3768 hwnd=0x10a66 title="Windows Default Lock Screen"  blt=OK frame=nonblack mean=110 max=255 zero=0% dibits_lines=1600 mon=2560x1600  idle=66s
22:30:27  fg=LockApp.exe pid=3768 hwnd=0x10a66 title="Windows Default Lock Screen"  blt=OK frame=nonblack mean=110 max=255 zero=0% dibits_lines=1600 mon=2560x1600  idle=67s
22:30:28  fg=LockApp.exe pid=3768 hwnd=0x10a66 title="Windows Default Lock Screen"  blt=OK frame=nonblack mean=110 max=255 zero=0% dibits_lines=1600 mon=2560x1600  idle=68s
22:30:29  fg=LockApp.exe pid=3768 hwnd=0x10a66 title="Windows Default Lock Screen"  blt=OK frame=nonblack mean=110 max=255 zero=0% dibits_lines=1600 mon=2560x1600  idle=69s
22:30:30  fg=LockApp.exe pid=3768 hwnd=0x10a66 title="Windows Default Lock Screen"  blt=OK frame=nonblack mean=110 max=255 zero=0% dibits_lines=1600 mon=2560x1600  idle=70s
22:30:31  fg=LockApp.exe pid=3768 hwnd=0x10a66 title="Windows Default Lock Screen"  blt=OK frame=nonblack mean=110 max=255 zero=0% dibits_lines=1600 mon=2560x1600  idle=71s
22:30:32  fg=LockApp.exe pid=3768 hwnd=0x10a66 title="Windows Default Lock Screen"  blt=OK frame=nonblack mean=110 max=255 zero=0% dibits_lines=1600 mon=2560x1600  idle=72s
22:30:33  fg=LockApp.exe pid=3768 hwnd=0x10a66 title="Windows Default Lock Screen"  blt=OK frame=nonblack mean=110 max=255 zero=0% dibits_lines=1600 mon=2560x1600  idle=73s
22:30:34  fg=LockApp.exe pid=3768 hwnd=0x10a66 title="Windows Default Lock Screen"  blt=OK frame=nonblack mean=110 max=255 zero=0% dibits_lines=1600 mon=2560x1600  idle=74s
22:30:35  fg=LockApp.exe pid=3768 hwnd=0x10a66 title="Windows Default Lock Screen"  blt=OK frame=nonblack mean=110 max=255 zero=0% dibits_lines=1600 mon=2560x1600  idle=75s
22:30:36  fg=LockApp.exe pid=3768 hwnd=0x10a66 title="Windows Default Lock Screen"  blt=OK frame=nonblack mean=110 max=255 zero=0% dibits_lines=1600 mon=2560x1600  idle=76s
22:30:37  fg=LockApp.exe pid=3768 hwnd=0x10a66 title="Windows Default Lock Screen"  blt=OK frame=nonblack mean=110 max=255 zero=0% dibits_lines=1600 mon=2560x1600  idle=77s
22:30:38  fg=LockApp.exe pid=3768 hwnd=0x10a66 title="Windows Default Lock Screen"  blt=OK frame=nonblack mean=110 max=255 zero=0% dibits_lines=1600 mon=2560x1600  idle=78s
22:30:39  fg=LockApp.exe pid=3768 hwnd=0x10a66 title="Windows Default Lock Screen"  blt=OK frame=nonblack mean=110 max=255 zero=0% dibits_lines=1600 mon=2560x1600  idle=79s
22:30:40  fg=LockApp.exe pid=3768 hwnd=0x10a66 title="Windows Default Lock Screen"  blt=OK frame=nonblack mean=110 max=255 zero=0% dibits_lines=1600 mon=2560x1600  idle=80s
22:30:41  fg=LockApp.exe pid=3768 hwnd=0x10a66 title="Windows Default Lock Screen"  blt=OK frame=nonblack mean=110 max=255 zero=0% dibits_lines=1600 mon=2560x1600  idle=81s
22:30:42  fg=LockApp.exe pid=3768 hwnd=0x10a66 title="Windows Default Lock Screen"  blt=OK frame=nonblack mean=110 max=255 zero=0% dibits_lines=1600 mon=2560x1600  idle=82s
22:30:43  fg=LockApp.exe pid=3768 hwnd=0x10a66 title="Windows Default Lock Screen"  blt=OK frame=nonblack mean=110 max=255 zero=0% dibits_lines=1600 mon=2560x1600  idle=83s
22:30:44  fg=LockApp.exe pid=3768 hwnd=0x10a66 title="Windows Default Lock Screen"  blt=OK frame=nonblack mean=110 max=255 zero=0% dibits_lines=1600 mon=2560x1600  idle=84s
22:30:45  fg=LockApp.exe pid=3768 hwnd=0x10a66 title="Windows Default Lock Screen"  blt=OK frame=nonblack mean=110 max=255 zero=0% dibits_lines=1600 mon=2560x1600  idle=86s
22:30:47  fg=LockApp.exe pid=3768 hwnd=0x10a66 title="Windows Default Lock Screen"  blt=OK frame=nonblack mean=110 max=255 zero=0% dibits_lines=1600 mon=2560x1600  idle=87s
22:30:48  fg=LockApp.exe pid=3768 hwnd=0x10a66 title="Windows Default Lock Screen"  blt=OK frame=nonblack mean=110 max=255 zero=0% dibits_lines=1600 mon=2560x1600  idle=88s
22:30:49  fg=LockApp.exe pid=3768 hwnd=0x10a66 title="Windows Default Lock Screen"  blt=OK frame=nonblack mean=110 max=255 zero=0% dibits_lines=1600 mon=2560x1600  idle=89s
22:30:50  fg=LockApp.exe pid=3768 hwnd=0x10a66 title="Windows Default Lock Screen"  blt=OK frame=nonblack mean=110 max=255 zero=0% dibits_lines=1600 mon=2560x1600  idle=90s
22:30:51  fg=LockApp.exe pid=3768 hwnd=0x10a66 title="Windows Default Lock Screen"  blt=OK frame=nonblack mean=110 max=255 zero=0% dibits_lines=1600 mon=2560x1600  idle=91s
22:30:52  fg=LockApp.exe pid=3768 hwnd=0x10a66 title="Windows Default Lock Screen"  blt=OK frame=nonblack mean=110 max=255 zero=0% dibits_lines=1600 mon=2560x1600  idle=92s
22:30:53  fg=LockApp.exe pid=3768 hwnd=0x10a66 title="Windows Default Lock Screen"  blt=OK frame=nonblack mean=110 max=255 zero=0% dibits_lines=1600 mon=2560x1600  idle=93s
22:30:54  fg=LockApp.exe pid=3768 hwnd=0x10a66 title="Windows Default Lock Screen"  blt=OK frame=nonblack mean=110 max=255 zero=0% dibits_lines=1600 mon=2560x1600  idle=94s
22:30:55  fg=LockApp.exe pid=3768 hwnd=0x10a66 title="Windows Default Lock Screen"  blt=OK frame=nonblack mean=110 max=255 zero=0% dibits_lines=1600 mon=2560x1600  idle=95s
22:30:56  fg=LockApp.exe pid=3768 hwnd=0x10a66 title="Windows Default Lock Screen"  blt=OK frame=nonblack mean=110 max=255 zero=0% dibits_lines=1600 mon=2560x1600  idle=96s
22:30:57  fg=LockApp.exe pid=3768 hwnd=0x10a66 title="Windows Default Lock Screen"  blt=OK frame=nonblack mean=110 max=255 zero=0% dibits_lines=1600 mon=2560x1600  idle=97s
22:30:58  fg=LockApp.exe pid=3768 hwnd=0x10a66 title="Windows Default Lock Screen"  blt=OK frame=nonblack mean=110 max=255 zero=0% dibits_lines=1600 mon=2560x1600  idle=98s
22:30:59  fg=LockApp.exe pid=3768 hwnd=0x10a66 title="Windows Default Lock Screen"  blt=OK frame=nonblack mean=110 max=255 zero=0% dibits_lines=1600 mon=2560x1600  idle=99s
22:31:00  fg=LockApp.exe pid=3768 hwnd=0x10a66 title="Windows Default Lock Screen"  blt=OK frame=nonblack mean=110 max=255 zero=0% dibits_lines=1600 mon=2560x1600  idle=100s
22:31:01  fg=LockApp.exe pid=3768 hwnd=0x10a66 title="Windows Default Lock Screen"  blt=OK frame=nonblack mean=109 max=255 zero=0% dibits_lines=1600 mon=2560x1600  idle=101s
22:31:02  fg=LockApp.exe pid=3768 hwnd=0x10a66 title="Windows Default Lock Screen"  blt=OK frame=nonblack mean=109 max=255 zero=0% dibits_lines=1600 mon=2560x1600  idle=102s
22:31:03  fg=LockApp.exe pid=3768 hwnd=0x10a66 title="Windows Default Lock Screen"  blt=OK frame=nonblack mean=109 max=255 zero=0% dibits_lines=1600 mon=2560x1600  idle=103s
22:31:04  fg=LockApp.exe pid=3768 hwnd=0x10a66 title="Windows Default Lock Screen"  blt=OK frame=nonblack mean=109 max=255 zero=0% dibits_lines=1600 mon=2560x1600  idle=104s
22:31:05  fg=LockApp.exe pid=3768 hwnd=0x10a66 title="Windows Default Lock Screen"  blt=OK frame=nonblack mean=109 max=255 zero=0% dibits_lines=1600 mon=2560x1600  idle=105s
22:31:06  fg=LockApp.exe pid=3768 hwnd=0x10a66 title="Windows Default Lock Screen"  blt=OK frame=nonblack mean=109 max=255 zero=0% dibits_lines=1600 mon=2560x1600  idle=106s
22:31:08  fg=LockApp.exe pid=3768 hwnd=0x10a66 title="Windows Default Lock Screen"  blt=OK frame=nonblack mean=109 max=255 zero=0% dibits_lines=1600 mon=2560x1600  idle=108s
22:31:09  fg=LockApp.exe pid=3768 hwnd=0x10a66 title="Windows Default Lock Screen"  blt=OK frame=nonblack mean=109 max=255 zero=0% dibits_lines=1600 mon=2560x1600  idle=109s
22:31:10  fg=LockApp.exe pid=3768 hwnd=0x10a66 title="Windows Default Lock Screen"  blt=OK frame=nonblack mean=109 max=255 zero=0% dibits_lines=1600 mon=2560x1600  idle=110s
22:31:11  fg=LockApp.exe pid=3768 hwnd=0x10a66 title="Windows Default Lock Screen"  blt=OK frame=nonblack mean=109 max=255 zero=0% dibits_lines=1600 mon=2560x1600  idle=111s
22:31:12  fg=LockApp.exe pid=3768 hwnd=0x10a66 title="Windows Default Lock Screen"  blt=OK frame=nonblack mean=109 max=255 zero=0% dibits_lines=1600 mon=2560x1600  idle=112s
22:31:13  fg=LockApp.exe pid=3768 hwnd=0x10a66 title="Windows Default Lock Screen"  blt=OK frame=nonblack mean=109 max=255 zero=0% dibits_lines=1600 mon=2560x1600  idle=113s
22:31:14  fg=LockApp.exe pid=3768 hwnd=0x10a66 title="Windows Default Lock Screen"  blt=OK frame=nonblack mean=109 max=255 zero=0% dibits_lines=1600 mon=2560x1600  idle=114s
22:31:15  fg=LockApp.exe pid=3768 hwnd=0x10a66 title="Windows Default Lock Screen"  blt=OK frame=nonblack mean=109 max=255 zero=0% dibits_lines=1600 mon=2560x1600  idle=115s
22:31:16  fg=LockApp.exe pid=3768 hwnd=0x10a66 title="Windows Default Lock Screen"  blt=OK frame=nonblack mean=109 max=255 zero=0% dibits_lines=1600 mon=2560x1600  idle=116s
22:31:17  fg=LockApp.exe pid=3768 hwnd=0x10a66 title="Windows Default Lock Screen"  blt=OK frame=nonblack mean=109 max=255 zero=0% dibits_lines=1600 mon=2560x1600  idle=117s
22:31:18  fg=LockApp.exe pid=3768 hwnd=0x10a66 title="Windows Default Lock Screen"  blt=OK frame=nonblack mean=109 max=255 zero=0% dibits_lines=1600 mon=2560x1600  idle=118s
22:31:19  fg=LockApp.exe pid=3768 hwnd=0x10a66 title="Windows Default Lock Screen"  blt=OK frame=nonblack mean=109 max=255 zero=0% dibits_lines=1600 mon=2560x1600  idle=119s
22:31:20  fg=LockApp.exe pid=3768 hwnd=0x10a66 title="Windows Default Lock Screen"  blt=OK frame=nonblack mean=109 max=255 zero=0% dibits_lines=1600 mon=2560x1600  idle=120s
22:31:21  fg=LockApp.exe pid=3768 hwnd=0x10a66 title="Windows Default Lock Screen"  blt=OK frame=nonblack mean=109 max=255 zero=0% dibits_lines=1600 mon=2560x1600  idle=121s
22:31:22  fg=LockApp.exe pid=3768 hwnd=0x10a66 title="Windows Default Lock Screen"  blt=OK frame=nonblack mean=109 max=255 zero=0% dibits_lines=1600 mon=2560x1600  idle=122s
22:31:23  fg=LockApp.exe pid=3768 hwnd=0x10a66 title="Windows Default Lock Screen"  blt=OK frame=nonblack mean=109 max=255 zero=0% dibits_lines=1600 mon=2560x1600  idle=123s
22:31:24  fg=LockApp.exe pid=3768 hwnd=0x10a66 title="Windows Default Lock Screen"  blt=OK frame=nonblack mean=109 max=255 zero=0% dibits_lines=1600 mon=2560x1600  idle=124s
22:31:25  fg=LockApp.exe pid=3768 hwnd=0x10a66 title="Windows Default Lock Screen"  blt=OK frame=nonblack mean=109 max=255 zero=0% dibits_lines=1600 mon=2560x1600  idle=125s
22:31:26  fg=LockApp.exe pid=3768 hwnd=0x10a66 title="Windows Default Lock Screen"  blt=OK frame=nonblack mean=109 max=255 zero=0% dibits_lines=1600 mon=2560x1600  idle=126s
22:31:27  fg=LockApp.exe pid=3768 hwnd=0x10a66 title="Windows Default Lock Screen"  blt=OK frame=nonblack mean=109 max=255 zero=0% dibits_lines=1600 mon=2560x1600  idle=127s
22:31:29  fg=LockApp.exe pid=3768 hwnd=0x10a66 title="Windows Default Lock Screen"  blt=OK frame=nonblack mean=109 max=255 zero=0% dibits_lines=1600 mon=2560x1600  idle=129s
22:31:30  fg=LockApp.exe pid=3768 hwnd=0x10a66 title="Windows Default Lock Screen"  blt=OK frame=nonblack mean=109 max=255 zero=0% dibits_lines=1600 mon=2560x1600  idle=130s
22:31:31  fg=LockApp.exe pid=3768 hwnd=0x10a66 title="Windows Default Lock Screen"  blt=OK frame=nonblack mean=109 max=255 zero=0% dibits_lines=1600 mon=2560x1600  idle=131s
22:31:32  fg=LockApp.exe pid=3768 hwnd=0x10a66 title="Windows Default Lock Screen"  blt=OK frame=nonblack mean=109 max=255 zero=0% dibits_lines=1600 mon=2560x1600  idle=132s
22:31:33  fg=LockApp.exe pid=3768 hwnd=0x10a66 title="Windows Default Lock Screen"  blt=OK frame=nonblack mean=109 max=255 zero=0% dibits_lines=1600 mon=2560x1600  idle=133s
22:31:34  fg=LockApp.exe pid=3768 hwnd=0x10a66 title="Windows Default Lock Screen"  blt=OK frame=nonblack mean=109 max=255 zero=0% dibits_lines=1600 mon=2560x1600  idle=134s
22:31:35  fg=LockApp.exe pid=3768 hwnd=0x10a66 title="Windows Default Lock Screen"  blt=OK frame=nonblack mean=109 max=255 zero=0% dibits_lines=1600 mon=2560x1600  idle=135s
22:31:36  fg=LockApp.exe pid=3768 hwnd=0x10a66 title="Windows Default Lock Screen"  blt=OK frame=nonblack mean=109 max=255 zero=0% dibits_lines=1600 mon=2560x1600  idle=136s
22:31:37  fg=LockApp.exe pid=3768 hwnd=0x10a66 title="Windows Default Lock Screen"  blt=OK frame=nonblack mean=109 max=255 zero=0% dibits_lines=1600 mon=2560x1600  idle=137s
22:31:38  fg=LockApp.exe pid=3768 hwnd=0x10a66 title="Windows Default Lock Screen"  blt=OK frame=nonblack mean=109 max=255 zero=0% dibits_lines=1600 mon=2560x1600  idle=138s
22:31:39  fg=LockApp.exe pid=3768 hwnd=0x10a66 title="Windows Default Lock Screen"  blt=OK frame=nonblack mean=109 max=255 zero=0% dibits_lines=1600 mon=2560x1600  idle=139s
22:31:40  fg=LockApp.exe pid=3768 hwnd=0x10a66 title="Windows Default Lock Screen"  blt=OK frame=nonblack mean=109 max=255 zero=0% dibits_lines=1600 mon=2560x1600  idle=140s
22:31:41  fg=LockApp.exe pid=3768 hwnd=0x10a66 title="Windows Default Lock Screen"  blt=OK frame=nonblack mean=109 max=255 zero=0% dibits_lines=1600 mon=2560x1600  idle=141s
22:31:42  fg=LockApp.exe pid=3768 hwnd=0x10a66 title="Windows Default Lock Screen"  blt=OK frame=nonblack mean=109 max=255 zero=0% dibits_lines=1600 mon=2560x1600  idle=142s
22:31:43  fg=LockApp.exe pid=3768 hwnd=0x10a66 title="Windows Default Lock Screen"  blt=OK frame=nonblack mean=109 max=255 zero=0% dibits_lines=1600 mon=2560x1600  idle=143s
22:31:44  fg=LockApp.exe pid=3768 hwnd=0x10a66 title="Windows Default Lock Screen"  blt=OK frame=nonblack mean=109 max=255 zero=0% dibits_lines=1600 mon=2560x1600  idle=144s
22:31:45  fg=LockApp.exe pid=3768 hwnd=0x10a66 title="Windows Default Lock Screen"  blt=OK frame=nonblack mean=109 max=255 zero=0% dibits_lines=1600 mon=2560x1600  idle=145s
22:31:46  fg=LockApp.exe pid=3768 hwnd=0x10a66 title="Windows Default Lock Screen"  blt=OK frame=nonblack mean=109 max=255 zero=0% dibits_lines=1600 mon=2560x1600  idle=146s
22:31:47  fg=LockApp.exe pid=3768 hwnd=0x10a66 title="Windows Default Lock Screen"  blt=OK frame=nonblack mean=109 max=255 zero=0% dibits_lines=1600 mon=2560x1600  idle=147s
22:31:48  fg=LockApp.exe pid=3768 hwnd=0x10a66 title="Windows Default Lock Screen"  blt=OK frame=nonblack mean=109 max=255 zero=0% dibits_lines=1600 mon=2560x1600  idle=148s
22:31:50  fg=LockApp.exe pid=3768 hwnd=0x10a66 title="Windows Default Lock Screen"  blt=OK frame=nonblack mean=109 max=255 zero=0% dibits_lines=1600 mon=2560x1600  idle=150s
22:31:51  fg=LockApp.exe pid=3768 hwnd=0x10a66 title="Windows Default Lock Screen"  blt=OK frame=nonblack mean=109 max=255 zero=0% dibits_lines=1600 mon=2560x1600  idle=151s
22:31:52  fg=LockApp.exe pid=3768 hwnd=0x10a66 title="Windows Default Lock Screen"  blt=OK frame=nonblack mean=109 max=255 zero=0% dibits_lines=1600 mon=2560x1600  idle=152s
22:31:53  fg=LockApp.exe pid=3768 hwnd=0x10a66 title="Windows Default Lock Screen"  blt=OK frame=nonblack mean=109 max=255 zero=0% dibits_lines=1600 mon=2560x1600  idle=153s
22:31:54  fg=LockApp.exe pid=3768 hwnd=0x10a66 title="Windows Default Lock Screen"  blt=OK frame=nonblack mean=109 max=255 zero=0% dibits_lines=1600 mon=2560x1600  idle=154s
22:31:55  fg=LockApp.exe pid=3768 hwnd=0x10a66 title="Windows Default Lock Screen"  blt=OK frame=nonblack mean=109 max=255 zero=0% dibits_lines=1600 mon=2560x1600  idle=155s
22:31:56  fg=LockApp.exe pid=3768 hwnd=0x10a66 title="Windows Default Lock Screen"  blt=OK frame=nonblack mean=109 max=255 zero=0% dibits_lines=1600 mon=2560x1600  idle=156s
22:31:57  fg=LockApp.exe pid=3768 hwnd=0x10a66 title="Windows Default Lock Screen"  blt=OK frame=nonblack mean=109 max=255 zero=0% dibits_lines=1600 mon=2560x1600  idle=157s
22:31:58  fg=LockApp.exe pid=3768 hwnd=0x10a66 title="Windows Default Lock Screen"  blt=OK frame=nonblack mean=109 max=255 zero=0% dibits_lines=1600 mon=2560x1600  idle=158s
22:31:59  fg=LockApp.exe pid=3768 hwnd=0x10a66 title="Windows Default Lock Screen"  blt=OK frame=nonblack mean=109 max=255 zero=0% dibits_lines=1600 mon=2560x1600  idle=159s
22:32:00  fg=LockApp.exe pid=3768 hwnd=0x10a66 title="Windows Default Lock Screen"  blt=OK frame=nonblack mean=109 max=255 zero=0% dibits_lines=1600 mon=2560x1600  idle=160s
22:32:01  fg=LockApp.exe pid=3768 hwnd=0x10a66 title="Windows Default Lock Screen"  blt=OK frame=nonblack mean=110 max=255 zero=0% dibits_lines=1600 mon=2560x1600  idle=161s
22:32:02  fg=LockApp.exe pid=3768 hwnd=0x10a66 title="Windows Default Lock Screen"  blt=OK frame=nonblack mean=110 max=255 zero=0% dibits_lines=1600 mon=2560x1600  idle=162s
22:32:03  fg=LockApp.exe pid=3768 hwnd=0x10a66 title="Windows Default Lock Screen"  blt=OK frame=nonblack mean=110 max=255 zero=0% dibits_lines=1600 mon=2560x1600  idle=163s
22:32:04  fg=LockApp.exe pid=3768 hwnd=0x10a66 title="Windows Default Lock Screen"  blt=OK frame=nonblack mean=110 max=255 zero=0% dibits_lines=1600 mon=2560x1600  idle=164s
22:32:05  fg=LockApp.exe pid=3768 hwnd=0x10a66 title="Windows Default Lock Screen"  blt=OK frame=nonblack mean=110 max=255 zero=0% dibits_lines=1600 mon=2560x1600  idle=165s
22:32:06  fg=LockApp.exe pid=3768 hwnd=0x10a66 title="Windows Default Lock Screen"  blt=OK frame=nonblack mean=110 max=255 zero=0% dibits_lines=1600 mon=2560x1600  idle=166s
22:32:07  fg=LockApp.exe pid=3768 hwnd=0x10a66 title="Windows Default Lock Screen"  blt=OK frame=nonblack mean=110 max=255 zero=0% dibits_lines=1600 mon=2560x1600  idle=167s
22:32:08  fg=LockApp.exe pid=3768 hwnd=0x10a66 title="Windows Default Lock Screen"  blt=OK frame=nonblack mean=110 max=255 zero=0% dibits_lines=1600 mon=2560x1600  idle=168s
22:32:09  fg=LockApp.exe pid=3768 hwnd=0x10a66 title="Windows Default Lock Screen"  blt=OK frame=nonblack mean=110 max=255 zero=0% dibits_lines=1600 mon=2560x1600  idle=169s
22:32:11  fg=LockApp.exe pid=3768 hwnd=0x10a66 title="Windows Default Lock Screen"  blt=OK frame=nonblack mean=110 max=255 zero=0% dibits_lines=1600 mon=2560x1600  idle=171s
22:32:12  fg=LockApp.exe pid=3768 hwnd=0x10a66 title="Windows Default Lock Screen"  blt=OK frame=nonblack mean=110 max=255 zero=0% dibits_lines=1600 mon=2560x1600  idle=172s
22:32:13  fg=LockApp.exe pid=3768 hwnd=0x10a66 title="Windows Default Lock Screen"  blt=OK frame=nonblack mean=110 max=255 zero=0% dibits_lines=1600 mon=2560x1600  idle=173s
22:32:14  fg=LockApp.exe pid=3768 hwnd=0x10a66 title="Windows Default Lock Screen"  blt=OK frame=nonblack mean=110 max=255 zero=0% dibits_lines=1600 mon=2560x1600  idle=174s
22:32:15  fg=LockApp.exe pid=3768 hwnd=0x10a66 title="Windows Default Lock Screen"  blt=OK frame=nonblack mean=110 max=255 zero=0% dibits_lines=1600 mon=2560x1600  idle=175s
22:32:16  fg=LockApp.exe pid=3768 hwnd=0x10a66 title="Windows Default Lock Screen"  blt=OK frame=nonblack mean=110 max=255 zero=0% dibits_lines=1600 mon=2560x1600  idle=176s
22:32:17  fg=LockApp.exe pid=3768 hwnd=0x10a66 title="Windows Default Lock Screen"  blt=OK frame=nonblack mean=110 max=255 zero=0% dibits_lines=1600 mon=2560x1600  idle=177s
22:32:18  fg=LockApp.exe pid=3768 hwnd=0x10a66 title="Windows Default Lock Screen"  blt=OK frame=nonblack mean=110 max=255 zero=0% dibits_lines=1600 mon=2560x1600  idle=178s
22:32:19  fg=LockApp.exe pid=3768 hwnd=0x10a66 title="Windows Default Lock Screen"  blt=OK frame=nonblack mean=110 max=255 zero=0% dibits_lines=1600 mon=2560x1600  idle=179s
22:32:20  fg=LockApp.exe pid=3768 hwnd=0x10a66 title="Windows Default Lock Screen"  blt=OK frame=nonblack mean=110 max=255 zero=0% dibits_lines=1600 mon=2560x1600  idle=180s
22:32:21  fg=LockApp.exe pid=3768 hwnd=0x10a66 title="Windows Default Lock Screen"  blt=OK frame=nonblack mean=110 max=255 zero=0% dibits_lines=1600 mon=2560x1600  idle=181s
22:32:22  fg=LockApp.exe pid=3768 hwnd=0x10a66 title="Windows Default Lock Screen"  blt=OK frame=nonblack mean=110 max=255 zero=0% dibits_lines=1600 mon=2560x1600  idle=182s
22:32:23  fg=explorer.exe pid=12936 hwnd=0x40a6e title="UnlockingWindow"  blt=FAIL ERROR_INVALID_HANDLE 0x80070006 mon=2560x1600  idle=0s
22:32:25  fg=NULL  blt=FAIL ERROR_INVALID_HANDLE 0x80070006 mon=2560x1600  idle=1s
22:32:26  fg=NULL  blt=FAIL ERROR_INVALID_HANDLE 0x80070006 mon=2560x1600  idle=0s
22:32:27  fg=NULL  blt=FAIL ERROR_INVALID_HANDLE 0x80070006 mon=2560x1600  idle=0s
22:32:28  fg=NULL  blt=FAIL ERROR_INVALID_HANDLE 0x80070006 mon=2560x1600  idle=0s
22:32:29  fg=NULL  blt=FAIL ERROR_INVALID_HANDLE 0x80070006 mon=2560x1600  idle=0s
22:32:30  fg=NULL  blt=FAIL ERROR_INVALID_HANDLE 0x80070006 mon=2560x1600  idle=0s
22:32:31  fg=NULL  blt=FAIL ERROR_INVALID_HANDLE 0x80070006 mon=2560x1600  idle=0s
22:32:32  fg=NULL  blt=FAIL ERROR_INVALID_HANDLE 0x80070006 mon=2560x1600  idle=0s
22:32:33  fg=NULL  blt=FAIL ERROR_INVALID_HANDLE 0x80070006 mon=2560x1600  idle=1s
22:32:34  fg=NULL  blt=FAIL ERROR_INVALID_HANDLE 0x80070006 mon=2560x1600  idle=2s
22:32:35  fg=NULL  blt=FAIL ERROR_INVALID_HANDLE 0x80070006 mon=2560x1600  idle=3s
22:32:36  fg=NULL  blt=FAIL ERROR_INVALID_HANDLE 0x80070006 mon=2560x1600  idle=4s
22:32:37  fg=NULL  blt=FAIL ERROR_INVALID_HANDLE 0x80070006 mon=2560x1600  idle=5s
22:32:38  fg=NULL  blt=FAIL ERROR_INVALID_HANDLE 0x80070006 mon=2560x1600  idle=6s
22:32:39  fg=NULL  blt=FAIL ERROR_INVALID_HANDLE 0x80070006 mon=2560x1600  idle=7s
22:32:40  fg=NULL  blt=FAIL ERROR_INVALID_HANDLE 0x80070006 mon=2560x1600  idle=8s
22:32:41  fg=NULL  blt=FAIL ERROR_INVALID_HANDLE 0x80070006 mon=2560x1600  idle=9s
22:32:42  fg=NULL  blt=FAIL ERROR_INVALID_HANDLE 0x80070006 mon=2560x1600  idle=10s
22:32:43  fg=NULL  blt=FAIL ERROR_INVALID_HANDLE 0x80070006 mon=2560x1600  idle=11s
22:32:44  fg=NULL  blt=FAIL ERROR_INVALID_HANDLE 0x80070006 mon=2560x1600  idle=12s
22:32:45  fg=NULL  blt=FAIL ERROR_INVALID_HANDLE 0x80070006 mon=2560x1600  idle=13s
22:32:46  fg=NULL  blt=FAIL ERROR_INVALID_HANDLE 0x80070006 mon=2560x1600  idle=14s
22:32:47  fg=NULL  blt=FAIL ERROR_INVALID_HANDLE 0x80070006 mon=2560x1600  idle=15s
22:32:48  fg=NULL  blt=FAIL ERROR_INVALID_HANDLE 0x80070006 mon=2560x1600  idle=16s
22:32:49  fg=NULL  blt=FAIL ERROR_INVALID_HANDLE 0x80070006 mon=2560x1600  idle=17s
22:32:50  fg=NULL  blt=FAIL ERROR_INVALID_HANDLE 0x80070006 mon=2560x1600  idle=18s
22:32:51  fg=NULL  blt=FAIL ERROR_INVALID_HANDLE 0x80070006 mon=2560x1600  idle=19s
22:32:52  fg=NULL  blt=FAIL ERROR_INVALID_HANDLE 0x80070006 mon=2560x1600  idle=20s
22:32:53  fg=NULL  blt=FAIL ERROR_INVALID_HANDLE 0x80070006 mon=2560x1600  idle=21s
22:32:54  fg=NULL  blt=FAIL ERROR_INVALID_HANDLE 0x80070006 mon=2560x1600  idle=22s
22:32:55  fg=NULL  blt=FAIL ERROR_INVALID_HANDLE 0x80070006 mon=2560x1600  idle=23s
22:32:56  fg=NULL  blt=FAIL ERROR_INVALID_HANDLE 0x80070006 mon=2560x1600  idle=24s
22:32:57  fg=NULL  blt=FAIL ERROR_INVALID_HANDLE 0x80070006 mon=2560x1600  idle=25s
22:32:58  fg=NULL  blt=FAIL ERROR_INVALID_HANDLE 0x80070006 mon=2560x1600  idle=26s
22:32:59  fg=NULL  blt=FAIL ERROR_INVALID_HANDLE 0x80070006 mon=2560x1600  idle=27s
22:33:00  fg=NULL  blt=FAIL ERROR_INVALID_HANDLE 0x80070006 mon=2560x1600  idle=28s
22:33:01  fg=NULL  blt=FAIL ERROR_INVALID_HANDLE 0x80070006 mon=2560x1600  idle=29s
22:33:02  fg=NULL  blt=FAIL ERROR_INVALID_HANDLE 0x80070006 mon=2560x1600  idle=30s
22:33:03  fg=NULL  blt=FAIL ERROR_INVALID_HANDLE 0x80070006 mon=2560x1600  idle=31s
22:33:06  fg=LockApp.exe pid=3768 hwnd=0x10a66 title="Windows Default Lock Screen"  blt=OK frame=nonblack mean=88 max=255 zero=0% dibits_lines=1600 mon=2560x1600  idle=33s
22:33:07  fg=LockApp.exe pid=3768 hwnd=0x10a66 title="Windows Default Lock Screen"  blt=OK frame=nonblack mean=88 max=255 zero=0% dibits_lines=1600 mon=2560x1600  idle=34s
22:33:08  fg=LockApp.exe pid=3768 hwnd=0x10a66 title="Windows Default Lock Screen"  blt=OK frame=nonblack mean=88 max=255 zero=0% dibits_lines=1600 mon=2560x1600  idle=35s
22:33:09  fg=LockApp.exe pid=3768 hwnd=0x10a66 title="Windows Default Lock Screen"  blt=OK frame=nonblack mean=88 max=255 zero=0% dibits_lines=1600 mon=2560x1600  idle=36s
22:33:10  fg=LockApp.exe pid=3768 hwnd=0x10a66 title="Windows Default Lock Screen"  blt=OK frame=nonblack mean=88 max=255 zero=0% dibits_lines=1600 mon=2560x1600  idle=37s
22:33:11  fg=LockApp.exe pid=3768 hwnd=0x10a66 title="Windows Default Lock Screen"  blt=OK frame=nonblack mean=88 max=255 zero=0% dibits_lines=1600 mon=2560x1600  idle=38s
22:33:12  fg=LockApp.exe pid=3768 hwnd=0x10a66 title="Windows Default Lock Screen"  blt=OK frame=nonblack mean=88 max=255 zero=0% dibits_lines=1600 mon=2560x1600  idle=39s
22:33:13  fg=LockApp.exe pid=3768 hwnd=0x10a66 title="Windows Default Lock Screen"  blt=OK frame=nonblack mean=88 max=255 zero=0% dibits_lines=1600 mon=2560x1600  idle=40s
22:33:14  fg=LockApp.exe pid=3768 hwnd=0x10a66 title="Windows Default Lock Screen"  blt=OK frame=nonblack mean=88 max=255 zero=0% dibits_lines=1600 mon=2560x1600  idle=41s
22:33:15  fg=LockApp.exe pid=3768 hwnd=0x10a66 title="Windows Default Lock Screen"  blt=OK frame=nonblack mean=88 max=255 zero=0% dibits_lines=1600 mon=2560x1600  idle=43s
22:33:16  fg=LockApp.exe pid=3768 hwnd=0x10a66 title="Windows Default Lock Screen"  blt=OK frame=nonblack mean=88 max=255 zero=0% dibits_lines=1600 mon=2560x1600  idle=44s
22:33:17  fg=LockApp.exe pid=3768 hwnd=0x10a66 title="Windows Default Lock Screen"  blt=OK frame=nonblack mean=88 max=255 zero=0% dibits_lines=1600 mon=2560x1600  idle=45s
22:33:18  fg=LockApp.exe pid=3768 hwnd=0x10a66 title="Windows Default Lock Screen"  blt=OK frame=nonblack mean=88 max=255 zero=0% dibits_lines=1600 mon=2560x1600  idle=46s
22:33:19  fg=LockApp.exe pid=3768 hwnd=0x10a66 title="Windows Default Lock Screen"  blt=OK frame=nonblack mean=88 max=255 zero=0% dibits_lines=1600 mon=2560x1600  idle=47s
22:33:20  fg=LockApp.exe pid=3768 hwnd=0x10a66 title="Windows Default Lock Screen"  blt=OK frame=nonblack mean=88 max=255 zero=0% dibits_lines=1600 mon=2560x1600  idle=48s
22:33:21  fg=LockApp.exe pid=3768 hwnd=0x10a66 title="Windows Default Lock Screen"  blt=OK frame=nonblack mean=88 max=255 zero=0% dibits_lines=1600 mon=2560x1600  idle=49s
22:33:22  fg=LockApp.exe pid=3768 hwnd=0x10a66 title="Windows Default Lock Screen"  blt=OK frame=nonblack mean=88 max=255 zero=0% dibits_lines=1600 mon=2560x1600  idle=50s
22:33:23  fg=LockApp.exe pid=3768 hwnd=0x10a66 title="Windows Default Lock Screen"  blt=OK frame=nonblack mean=88 max=255 zero=0% dibits_lines=1600 mon=2560x1600  idle=51s
22:33:24  fg=LockApp.exe pid=3768 hwnd=0x10a66 title="Windows Default Lock Screen"  blt=OK frame=nonblack mean=88 max=255 zero=0% dibits_lines=1600 mon=2560x1600  idle=52s
22:33:25  fg=LockApp.exe pid=3768 hwnd=0x10a66 title="Windows Default Lock Screen"  blt=OK frame=nonblack mean=88 max=255 zero=0% dibits_lines=1600 mon=2560x1600  idle=53s
22:33:27  fg=LockApp.exe pid=3768 hwnd=0x10a66 title="Windows Default Lock Screen"  blt=OK frame=nonblack mean=88 max=255 zero=0% dibits_lines=1600 mon=2560x1600  idle=54s
22:33:28  fg=LockApp.exe pid=3768 hwnd=0x10a66 title="Windows Default Lock Screen"  blt=OK frame=nonblack mean=88 max=255 zero=0% dibits_lines=1600 mon=2560x1600  idle=55s
22:33:29  fg=LockApp.exe pid=3768 hwnd=0x10a66 title="Windows Default Lock Screen"  blt=OK frame=nonblack mean=88 max=255 zero=0% dibits_lines=1600 mon=2560x1600  idle=56s
22:33:30  fg=LockApp.exe pid=3768 hwnd=0x10a66 title="Windows Default Lock Screen"  blt=OK frame=nonblack mean=88 max=255 zero=0% dibits_lines=1600 mon=2560x1600  idle=57s
22:33:31  fg=LockApp.exe pid=3768 hwnd=0x10a66 title="Windows Default Lock Screen"  blt=OK frame=nonblack mean=88 max=255 zero=0% dibits_lines=1600 mon=2560x1600  idle=58s
22:33:32  fg=LockApp.exe pid=3768 hwnd=0x10a66 title="Windows Default Lock Screen"  blt=OK frame=nonblack mean=88 max=255 zero=0% dibits_lines=1600 mon=2560x1600  idle=59s
22:33:33  fg=LockApp.exe pid=3768 hwnd=0x10a66 title="Windows Default Lock Screen"  blt=OK frame=nonblack mean=88 max=255 zero=0% dibits_lines=1600 mon=2560x1600  idle=60s
22:33:34  fg=LockApp.exe pid=3768 hwnd=0x10a66 title="Windows Default Lock Screen"  blt=OK frame=nonblack mean=88 max=255 zero=0% dibits_lines=1600 mon=2560x1600  idle=61s
22:33:35  fg=LockApp.exe pid=3768 hwnd=0x10a66 title="Windows Default Lock Screen"  blt=OK frame=nonblack mean=88 max=255 zero=0% dibits_lines=1600 mon=2560x1600  idle=62s
22:33:36  fg=LockApp.exe pid=3768 hwnd=0x10a66 title="Windows Default Lock Screen"  blt=OK frame=nonblack mean=88 max=255 zero=0% dibits_lines=1600 mon=2560x1600  idle=63s
22:33:37  fg=LockApp.exe pid=3768 hwnd=0x10a66 title="Windows Default Lock Screen"  blt=OK frame=nonblack mean=88 max=255 zero=0% dibits_lines=1600 mon=2560x1600  idle=65s
22:33:38  fg=LockApp.exe pid=3768 hwnd=0x10a66 title="Windows Default Lock Screen"  blt=OK frame=nonblack mean=88 max=255 zero=0% dibits_lines=1600 mon=2560x1600  idle=66s
22:33:39  fg=LockApp.exe pid=3768 hwnd=0x10a66 title="Windows Default Lock Screen"  blt=OK frame=nonblack mean=88 max=255 zero=0% dibits_lines=1600 mon=2560x1600  idle=67s
22:33:40  fg=LockApp.exe pid=3768 hwnd=0x10a66 title="Windows Default Lock Screen"  blt=OK frame=nonblack mean=88 max=255 zero=0% dibits_lines=1600 mon=2560x1600  idle=68s
22:33:41  fg=LockApp.exe pid=3768 hwnd=0x10a66 title="Windows Default Lock Screen"  blt=OK frame=nonblack mean=88 max=255 zero=0% dibits_lines=1600 mon=2560x1600  idle=69s
22:33:42  fg=explorer.exe pid=12936 hwnd=0x40a6e title="UnlockingWindow"  blt=FAIL ERROR_INVALID_HANDLE 0x80070006 mon=2560x1600  idle=0s
22:33:45  fg=NULL  blt=FAIL ERROR_INVALID_HANDLE 0x80070006 mon=2560x1600  idle=1s
22:33:46  fg=NULL  blt=FAIL ERROR_INVALID_HANDLE 0x80070006 mon=2560x1600  idle=2s
22:33:47  fg=NULL  blt=FAIL ERROR_INVALID_HANDLE 0x80070006 mon=2560x1600  idle=0s
22:33:48  fg=NULL  blt=FAIL ERROR_INVALID_HANDLE 0x80070006 mon=2560x1600  idle=0s
22:33:49  fg=NULL  blt=FAIL ERROR_INVALID_HANDLE 0x80070006 mon=2560x1600  idle=0s
22:33:50  fg=NULL  blt=FAIL ERROR_INVALID_HANDLE 0x80070006 mon=2560x1600  idle=0s
22:33:51  fg=NULL  blt=FAIL ERROR_INVALID_HANDLE 0x80070006 mon=2560x1600  idle=0s
22:33:52  fg=NULL  blt=FAIL ERROR_INVALID_HANDLE 0x80070006 mon=2560x1600  idle=0s
22:33:53  fg=NULL  blt=FAIL ERROR_INVALID_HANDLE 0x80070006 mon=2560x1600  idle=0s
22:33:54  fg=WindowsTerminal.exe pid=22864 hwnd=0x40578 title="Windows PowerShell"  blt=OK frame=nonblack mean=32 max=255 zero=0% dibits_lines=1600 mon=2560x1600  idle=0s
22:33:55  fg=WindowsTerminal.exe pid=22864 hwnd=0x40578 title="Windows PowerShell"  blt=OK frame=nonblack mean=32 max=255 zero=0% dibits_lines=1600 mon=2560x1600  idle=1s
22:33:56  fg=WindowsTerminal.exe pid=22864 hwnd=0x40578 title="Windows PowerShell"  blt=OK frame=nonblack mean=32 max=255 zero=0% dibits_lines=1600 mon=2560x1600  idle=2s
22:33:57  fg=WindowsTerminal.exe pid=22864 hwnd=0x40578 title="Windows PowerShell"  blt=OK frame=nonblack mean=32 max=255 zero=0% dibits_lines=1600 mon=2560x1600  idle=3s
22:33:58  fg=WindowsTerminal.exe pid=22864 hwnd=0x40578 title="Windows PowerShell"  blt=OK frame=nonblack mean=32 max=255 zero=0% dibits_lines=1600 mon=2560x1600  idle=4s
22:33:59  fg=explorer.exe pid=12936 hwnd=0xb0912 title="Task Switching"  blt=OK frame=nonblack mean=34 max=255 zero=0% dibits_lines=1600 mon=2560x1600  idle=0s
22:34:00  fg=explorer.exe pid=12936 hwnd=0xb0912 title="Task Switching"  blt=OK frame=nonblack mean=34 max=255 zero=0% dibits_lines=1600 mon=2560x1600  idle=1s
22:34:01  fg=explorer.exe pid=12936 hwnd=0xb0912 title="Task Switching"  blt=OK frame=nonblack mean=34 max=255 zero=0% dibits_lines=1600 mon=2560x1600  idle=2s
22:34:02  fg=Code.exe pid=12020 hwnd=0x5032a title="/wayfinder 66 - tracey - Visual Studio Code"  blt=OK frame=nonblack mean=30 max=242 zero=0% dibits_lines=1600 mon=2560x1600  idle=0s
22:34:03  fg=Code.exe pid=12020 hwnd=0x5032a title="/wayfinder 66 - tracey - Visual Studio Code"  blt=OK frame=nonblack mean=30 max=242 zero=0% dibits_lines=1600 mon=2560x1600  idle=0s
22:34:04  fg=Code.exe pid=12020 hwnd=0x5032a title="/wayfinder 66 - tracey - Visual Studio Code"  blt=OK frame=nonblack mean=30 max=242 zero=0% dibits_lines=1600 mon=2560x1600  idle=0s
22:34:05  fg=Code.exe pid=12020 hwnd=0x5032a title="/wayfinder 66 - tracey - Visual Studio Code"  blt=OK frame=nonblack mean=30 max=242 zero=0% dibits_lines=1600 mon=2560x1600  idle=0s
22:34:06  fg=Code.exe pid=12020 hwnd=0x5032a title="/wayfinder 66 - tracey - Visual Studio Code"  blt=OK frame=nonblack mean=30 max=242 zero=0% dibits_lines=1600 mon=2560x1600  idle=1s
22:34:07  fg=WindowsTerminal.exe pid=22864 hwnd=0x40578 title="Windows PowerShell"  blt=OK frame=nonblack mean=32 max=255 zero=0% dibits_lines=1600 mon=2560x1600  idle=0s
22:34:08  fg=WindowsTerminal.exe pid=22864 hwnd=0x40578 title="Windows PowerShell"  blt=OK frame=nonblack mean=32 max=255 zero=0% dibits_lines=1600 mon=2560x1600  idle=0s
